Release 14.7 - xst P.20131013 (nt)
Copyright (c) 1995-2013 Xilinx, Inc.  All rights reserved.
--> Parameter TMPDIR set to xst/projnav.tmp


Total REAL time to Xst completion: 1.00 secs
Total CPU time to Xst completion: 0.16 secs
 
--> Parameter xsthdpdir set to xst


Total REAL time to Xst completion: 1.00 secs
Total CPU time to Xst completion: 0.17 secs
 
--> Reading design: fp_adder_test.prj

TABLE OF CONTENTS
  1) Synthesis Options Summary
  2) HDL Parsing
  3) HDL Elaboration
  4) HDL Synthesis
       4.1) HDL Synthesis Report
  5) Advanced HDL Synthesis
       5.1) Advanced HDL Synthesis Report
  6) Low Level Synthesis
  7) Partition Report
  8) Design Summary
       8.1) Primitive and Black Box Usage
       8.2) Device utilization summary
       8.3) Partition Resource Summary
       8.4) Timing Report
            8.4.1) Clock Information
            8.4.2) Asynchronous Control Signals Information
            8.4.3) Timing Summary
            8.4.4) Timing Details
            8.4.5) Cross Clock Domains Report


=========================================================================
*                      Synthesis Options Summary                        *
=========================================================================
---- Source Parameters
Input File Name                    : "fp_adder_test.prj"
Ignore Synthesis Constraint File   : NO

---- Target Parameters
Output File Name                   : "fp_adder_test"
Output Format                      : NGC
Target Device                      : xc6slx16-3-csg324

---- Source Options
Top Module Name                    : fp_adder_test
Automatic FSM Extraction           : YES
FSM Encoding Algorithm             : Auto
Safe Implementation                : No
FSM Style                          : LUT
RAM Extraction                     : Yes
RAM Style                          : Auto
ROM Extraction                     : Yes
Shift Register Extraction          : YES
ROM Style                          : Auto
Resource Sharing                   : YES
Asynchronous To Synchronous        : NO
Shift Register Minimum Size        : 2
Use DSP Block                      : Auto
Automatic Register Balancing       : No

---- Target Options
LUT Combining                      : Auto
Reduce Control Sets                : Auto
Add IO Buffers                     : YES
Global Maximum Fanout              : 100000
Add Generic Clock Buffer(BUFG)     : 16
Register Duplication               : YES
Optimize Instantiated Primitives   : NO
Use Clock Enable                   : Auto
Use Synchronous Set                : Auto
Use Synchronous Reset              : Auto
Pack IO Registers into IOBs        : Auto
Equivalent register Removal        : YES

---- General Options
Optimization Goal                  : Speed
Optimization Effort                : 1
Power Reduction                    : NO
Keep Hierarchy                     : No
Netlist Hierarchy                  : As_Optimized
RTL Output                         : Yes
Global Optimization                : AllClockNets
Read Cores                         : YES
Write Timing Constraints           : NO
Cross Clock Analysis               : NO
Hierarchy Separator                : /
Bus Delimiter                      : <>
Case Specifier                     : Maintain
Slice Utilization Ratio            : 100
BRAM Utilization Ratio             : 100
DSP48 Utilization Ratio            : 100
Auto BRAM Packing                  : NO
Slice Utilization Ratio Delta      : 5

=========================================================================


=========================================================================
*                          HDL Parsing                                  *
=========================================================================
Analyzing Verilog file "C:\Users\Stache\Documents\Xilinx Projects\learning\chapter3\fpadder\list_ch03_21_fp_adder.v" into library work
Parsing module <fp_adder>.
Analyzing Verilog file "C:\Users\Stache\Documents\Xilinx Projects\learning\chapter3\fpadder\list_ch03_14_hex_to_sseg.v" into library work
Parsing module <hex_to_sseg>.
Analyzing Verilog file "C:\Users\Stache\Documents\Xilinx Projects\learning\chapter3\fpadder\disp_mux.v" into library work
Parsing module <disp_mux>.
Analyzing Verilog file "C:\Users\Stache\Documents\Xilinx Projects\learning\chapter3\fpadder\list_ch03_22_fp_adder_test.v" into library work
Parsing module <fp_adder_test>.

=========================================================================
*                            HDL Elaboration                            *
=========================================================================

Elaborating module <fp_adder_test>.

Elaborating module <fp_adder>.
WARNING:HDLCompiler:413 - "C:\Users\Stache\Documents\Xilinx Projects\learning\chapter3\fpadder\list_ch03_21_fp_adder.v" Line 73: Result of 9-bit expression is truncated to fit in 8-bit target.
WARNING:HDLCompiler:413 - "C:\Users\Stache\Documents\Xilinx Projects\learning\chapter3\fpadder\list_ch03_21_fp_adder.v" Line 77: Result of 5-bit expression is truncated to fit in 4-bit target.

Elaborating module <hex_to_sseg>.

Elaborating module <disp_mux>.
WARNING:HDLCompiler:413 - "C:\Users\Stache\Documents\Xilinx Projects\learning\chapter3\fpadder\disp_mux.v" Line 27: Result of 19-bit expression is truncated to fit in 18-bit target.

=========================================================================
*                           HDL Synthesis                               *
=========================================================================

Synthesizing Unit <fp_adder_test>.
    Related source file is "C:\Users\Stache\Documents\Xilinx Projects\learning\chapter3\fpadder\list_ch03_22_fp_adder_test.v".
    Summary:
	no macro.
Unit <fp_adder_test> synthesized.

Synthesizing Unit <fp_adder>.
    Related source file is "C:\Users\Stache\Documents\Xilinx Projects\learning\chapter3\fpadder\list_ch03_21_fp_adder.v".
    Found 4-bit subtractor for signal <exp_diff> created at line 45.
    Found 9-bit subtractor for signal <GND_2_o_GND_2_o_sub_10_OUT> created at line 52.
    Found 4-bit subtractor for signal <exp2[3]_GND_2_o_sub_22_OUT> created at line 87.
    Found 9-bit adder for signal <n0064> created at line 50.
    Found 4-bit adder for signal <exp2[3]_GND_2_o_add_19_OUT> created at line 77.
    Found 8-bit shifter logical right for signal <fraca> created at line 17
    Found 9-bit shifter logical left for signal <n0045> created at line 73
    Found 12-bit comparator greater for signal <exp2[3]_exp1[3]_LessThan_1_o> created at line 25
    Found 1-bit comparator equal for signal <sign2_sign1_equal_8_o> created at line 49
    Found 4-bit comparator greater for signal <exp2[3]_GND_2_o_LessThan_21_o> created at line 80
    Summary:
	inferred   4 Adder/Subtractor(s).
	inferred   3 Comparator(s).
	inferred  17 Multiplexer(s).
	inferred   2 Combinational logic shifter(s).
Unit <fp_adder> synthesized.

Synthesizing Unit <hex_to_sseg>.
    Related source file is "C:\Users\Stache\Documents\Xilinx Projects\learning\chapter3\fpadder\list_ch03_14_hex_to_sseg.v".
    Found 16x7-bit Read Only RAM for signal <_n0026[0:6]>
    Summary:
	inferred   1 RAM(s).
Unit <hex_to_sseg> synthesized.

Synthesizing Unit <disp_mux>.
    Related source file is "C:\Users\Stache\Documents\Xilinx Projects\learning\chapter3\fpadder\disp_mux.v".
    Found 18-bit register for signal <q_reg>.
    Found 18-bit adder for signal <q_next> created at line 27.
    Found 4x4-bit Read Only RAM for signal <an>
    Found 8-bit 4-to-1 multiplexer for signal <seg> created at line 32.
    Summary:
	inferred   1 RAM(s).
	inferred   1 Adder/Subtractor(s).
	inferred  18 D-type flip-flop(s).
	inferred   1 Multiplexer(s).
Unit <disp_mux> synthesized.

=========================================================================
HDL Synthesis Report

Macro Statistics
# RAMs                                                 : 4
 16x7-bit single-port Read Only RAM                    : 3
 4x4-bit single-port Read Only RAM                     : 1
# Adders/Subtractors                                   : 5
 18-bit adder                                          : 1
 4-bit adder                                           : 1
 4-bit subtractor                                      : 2
 9-bit addsub                                          : 1
# Registers                                            : 1
 18-bit register                                       : 1
# Comparators                                          : 3
 1-bit comparator equal                                : 1
 12-bit comparator greater                             : 1
 4-bit comparator greater                              : 1
# Multiplexers                                         : 18
 1-bit 2-to-1 multiplexer                              : 2
 3-bit 2-to-1 multiplexer                              : 6
 4-bit 2-to-1 multiplexer                              : 4
 8-bit 2-to-1 multiplexer                              : 5
 8-bit 4-to-1 multiplexer                              : 1
# Logic shifters                                       : 2
 8-bit shifter logical right                           : 1
 9-bit shifter logical left                            : 1

=========================================================================

=========================================================================
*                       Advanced HDL Synthesis                          *
=========================================================================


Synthesizing (advanced) Unit <disp_mux>.
The following registers are absorbed into counter <q_reg>: 1 register on signal <q_reg>.
INFO:Xst:3218 - HDL ADVISOR - The RAM <Mram_an> will be implemented on LUTs either because you have described an asynchronous read or because of currently unsupported block RAM features. If you have described an asynchronous read, making it synchronous would allow you to take advantage of available block RAM resources, for optimized device usage and improved timings. Please refer to your documentation for coding guidelines.
    -----------------------------------------------------------------------
    | ram_type           | Distributed                         |          |
    -----------------------------------------------------------------------
    | Port A                                                              |
    |     aspect ratio   | 4-word x 4-bit                      |          |
    |     weA            | connected to signal <GND>           | high     |
    |     addrA          | connected to signal <q_reg>         |          |
    |     diA            | connected to signal <GND>           |          |
    |     doA            | connected to signal <an>            |          |
    -----------------------------------------------------------------------
Unit <disp_mux> synthesized (advanced).

Synthesizing (advanced) Unit <hex_to_sseg>.
INFO:Xst:3218 - HDL ADVISOR - The RAM <Mram__n0026[0:6]> will be implemented on LUTs either because you have described an asynchronous read or because of currently unsupported block RAM features. If you have described an asynchronous read, making it synchronous would allow you to take advantage of available block RAM resources, for optimized device usage and improved timings. Please refer to your documentation for coding guidelines.
    -----------------------------------------------------------------------
    | ram_type           | Distributed                         |          |
    -----------------------------------------------------------------------
    | Port A                                                              |
    |     aspect ratio   | 16-word x 7-bit                     |          |
    |     weA            | connected to signal <GND>           | high     |
    |     addrA          | connected to signal <hex>           |          |
    |     diA            | connected to signal <GND>           |          |
    |     doA            | connected to internal node          |          |
    -----------------------------------------------------------------------
Unit <hex_to_sseg> synthesized (advanced).

=========================================================================
Advanced HDL Synthesis Report

Macro Statistics
# RAMs                                                 : 4
 16x7-bit single-port distributed Read Only RAM        : 3
 4x4-bit single-port distributed Read Only RAM         : 1
# Adders/Subtractors                                   : 4
 4-bit adder                                           : 1
 4-bit subtractor                                      : 2
 9-bit addsub                                          : 1
# Counters                                             : 1
 18-bit up counter                                     : 1
# Comparators                                          : 3
 1-bit comparator equal                                : 1
 12-bit comparator greater                             : 1
 4-bit comparator greater                              : 1
# Multiplexers                                         : 18
 1-bit 2-to-1 multiplexer                              : 2
 3-bit 2-to-1 multiplexer                              : 6
 4-bit 2-to-1 multiplexer                              : 4
 8-bit 2-to-1 multiplexer                              : 5
 8-bit 4-to-1 multiplexer                              : 1
# Logic shifters                                       : 2
 8-bit shifter logical right                           : 1
 9-bit shifter logical left                            : 1

=========================================================================

=========================================================================
*                         Low Level Synthesis                           *
=========================================================================

Optimizing unit <fp_adder_test> ...

Optimizing unit <fp_adder> ...

Mapping all equations...
Building and optimizing final netlist ...
Found area constraint ratio of 100 (+ 5) on block fp_adder_test, actual ratio is 0.

Final Macro Processing ...

=========================================================================
Final Register Report

Macro Statistics
# Registers                                            : 18
 Flip-Flops                                            : 18

=========================================================================

=========================================================================
*                           Partition Report                            *
=========================================================================

Partition Implementation Status
-------------------------------

  No Partitions were found in this design.

-------------------------------

=========================================================================
*                            Design Summary                             *
=========================================================================

Top Level Output File Name         : fp_adder_test.ngc

Primitive and Black Box Usage:
------------------------------
# BELS                             : 78
#      GND                         : 1
#      INV                         : 1
#      LUT1                        : 17
#      LUT2                        : 4
#      LUT4                        : 4
#      LUT5                        : 8
#      LUT6                        : 7
#      MUXCY                       : 17
#      VCC                         : 1
#      XORCY                       : 18
# FlipFlops/Latches                : 18
#      FD                          : 18
# Clock Buffers                    : 1
#      BUFGP                       : 1
# IO Buffers                       : 19
#      IBUF                        : 7
#      OBUF                        : 12

Device utilization summary:
---------------------------

Selected Device : 6slx16csg324-3 


Slice Logic Utilization: 
 Number of Slice Registers:              18  out of  18224     0%  
 Number of Slice LUTs:                   41  out of   9112     0%  
    Number used as Logic:                41  out of   9112     0%  

Slice Logic Distribution: 
 Number of LUT Flip Flop pairs used:     41
   Number with an unused Flip Flop:      23  out of     41    56%  
   Number with an unused LUT:             0  out of     41     0%  
   Number of fully used LUT-FF pairs:    18  out of     41    43%  
   Number of unique control sets:         1

IO Utilization: 
 Number of IOs:                          23
 Number of bonded IOBs:                  20  out of    232     8%  

Specific Feature Utilization:
 Number of BUFG/BUFGCTRLs:                1  out of     16     6%  

---------------------------
Partition Resource Summary:
---------------------------

  No Partitions were found in this design.

---------------------------


=========================================================================
Timing Report

NOTE: THESE TIMING NUMBERS ARE ONLY A SYNTHESIS ESTIMATE.
      FOR ACCURATE TIMING INFORMATION PLEASE REFER TO THE TRACE REPORT
      GENERATED AFTER PLACE-and-ROUTE.

Clock Information:
------------------
-----------------------------------+------------------------+-------+
Clock Signal                       | Clock buffer(FF name)  | Load  |
-----------------------------------+------------------------+-------+
clk                                | BUFGP                  | 18    |
-----------------------------------+------------------------+-------+

Asynchronous Control Signals Information:
----------------------------------------
No asynchronous control signals found in this design

Timing Summary:
---------------
Speed Grade: -3

   Minimum period: 2.039ns (Maximum Frequency: 490.328MHz)
   Minimum input arrival time before clock: No path found
   Maximum output required time after clock: 5.979ns
   Maximum combinational path delay: 7.739ns

Timing Details:
---------------
All values displayed in nanoseconds (ns)

=========================================================================
Timing constraint: Default period analysis for Clock 'clk'
  Clock period: 2.039ns (frequency: 490.328MHz)
  Total number of paths / destination ports: 171 / 18
-------------------------------------------------------------------------
Delay:               2.039ns (Levels of Logic = 3)
  Source:            disp_unit/q_reg_16 (FF)
  Destination:       disp_unit/q_reg_17 (FF)
  Source Clock:      clk rising
  Destination Clock: clk rising

  Data Path: disp_unit/q_reg_16 to disp_unit/q_reg_17
                                Gate     Net
    Cell:in->out      fanout   Delay   Delay  Logical Name (Net Name)
    ----------------------------------------  ------------
     FD:C->Q              13   0.447   0.933  disp_unit/q_reg_16 (disp_unit/q_reg_16)
     LUT1:I0->O            1   0.205   0.000  disp_unit/Mcount_q_reg_cy<16>_rt (disp_unit/Mcount_q_reg_cy<16>_rt)
     MUXCY:S->O            0   0.172   0.000  disp_unit/Mcount_q_reg_cy<16> (disp_unit/Mcount_q_reg_cy<16>)
     XORCY:CI->O           1   0.180   0.000  disp_unit/Mcount_q_reg_xor<17> (Result<17>)
     FD:D                      0.102          disp_unit/q_reg_17
    ----------------------------------------
    Total                      2.039ns (1.106ns logic, 0.933ns route)
                                       (54.2% logic, 45.8% route)

=========================================================================
Timing constraint: Default OFFSET OUT AFTER for Clock 'clk'
  Total number of paths / destination ports: 29 / 12
-------------------------------------------------------------------------
Offset:              5.979ns (Levels of Logic = 3)
  Source:            disp_unit/q_reg_17 (FF)
  Destination:       seg<1> (PAD)
  Source Clock:      clk rising

  Data Path: disp_unit/q_reg_17 to seg<1>
                                Gate     Net
    Cell:in->out      fanout   Delay   Delay  Logical Name (Net Name)
    ----------------------------------------  ------------
     FD:C->Q              18   0.447   1.394  disp_unit/q_reg_17 (disp_unit/q_reg_17)
     LUT6:I1->O            1   0.203   0.580  disp_unit/Mmux_seg21 (disp_unit/Mmux_seg2)
     LUT5:I4->O            1   0.205   0.579  disp_unit/Mmux_seg22 (seg_1_OBUF)
     OBUF:I->O                 2.571          seg_1_OBUF (seg<1>)
    ----------------------------------------
    Total                      5.979ns (3.426ns logic, 2.553ns route)
                                       (57.3% logic, 42.7% route)

=========================================================================
Timing constraint: Default path analysis
  Total number of paths / destination ports: 168 / 7
-------------------------------------------------------------------------
Delay:               7.739ns (Levels of Logic = 5)
  Source:            btn<1> (PAD)
  Destination:       seg<6> (PAD)

  Data Path: btn<1> to seg<6>
                                Gate     Net
    Cell:in->out      fanout   Delay   Delay  Logical Name (Net Name)
    ----------------------------------------  ------------
     IBUF:I->O             5   1.222   1.059  btn_1_IBUF (btn_1_IBUF)
     LUT5:I0->O            7   0.203   1.118  fp_unit/fracn<1>1 (frac_out<1>)
     LUT6:I1->O            1   0.203   0.580  disp_unit/Mmux_seg41 (disp_unit/Mmux_seg4)
     LUT5:I4->O            1   0.205   0.579  disp_unit/Mmux_seg42 (seg_3_OBUF)
     OBUF:I->O                 2.571          seg_3_OBUF (seg<3>)
    ----------------------------------------
    Total                      7.739ns (4.404ns logic, 3.335ns route)
                                       (56.9% logic, 43.1% route)

=========================================================================

Cross Clock Domains Report:
--------------------------

Clock to Setup on destination clock clk
---------------+---------+---------+---------+---------+
               | Src:Rise| Src:Fall| Src:Rise| Src:Fall|
Source Clock   |Dest:Rise|Dest:Rise|Dest:Fall|Dest:Fall|
---------------+---------+---------+---------+---------+
clk            |    2.039|         |         |         |
---------------+---------+---------+---------+---------+

=========================================================================


Total REAL time to Xst completion: 11.00 secs
Total CPU time to Xst completion: 10.92 secs
 
--> 

Total memory usage is 229928 kilobytes

Number of errors   :    0 (   0 filtered)
Number of warnings :    3 (   0 filtered)
Number of infos    :    2 (   0 filtered)

